review_commit=5c5aa2e76c058f1350896bf98125c710a71596a7
.NET SDK:
 Version:           10.0.400
 Commit:            14fbf8d527
 Workload version:  10.0.400-manifests.330ea142
 MSBuild version:   18.9.6+14fbf8d52

Runtime Environment:
 OS Name:     ubuntu
 OS Version:  24.04
 OS Platform: Linux
 RID:         linux-x64
 Base Path:   /home/ubuntu/.dotnet/sdk/10.0.400/

.NET workloads installed:
There are no installed workloads to display.
Configured to use workload sets when installing new manifests.
No workload sets are installed. Run "dotnet workload restore" to install a workload set.

Host:
  Version:      10.0.11
  Architecture: x64
  Commit:       e2f47b0110

.NET SDKs installed:
  10.0.400 [/home/ubuntu/.dotnet/sdk]

.NET runtimes installed:
  Microsoft.AspNetCore.App 10.0.11 [/home/ubuntu/.dotnet/shared/Microsoft.AspNetCore.App]
  Microsoft.NETCore.App 10.0.11 [/home/ubuntu/.dotnet/shared/Microsoft.NETCore.App]

Other architectures found:
  None

Environment variables:
  DOTNET_ROOT                              [/home/ubuntu/.dotnet]

global.json file:
  Not found

Learn more:
  https://aka.ms/dotnet/info

Download .NET:
  https://aka.ms/dotnet/download
